// Jest Snapshot v1, https://goo.gl/fbAQLP

exports[`/404 renders the component 1`] = `
<div
  className="page-content"
>
  <div
    className="fof"
  >
    404 - Page not available
  </div>
</div>
`;
