// Jest Snapshot v1, https://goo.gl/fbAQLP

exports[`Footer renders component 1`] = `
<div
  className="footer"
  id="wjfooter"
  style={
    {
      "bottom": "0",
      "marginTop": "20px",
      "paddingBottom": "20px",
      "paddingTop": "20px",
    }
  }
>
  <div
    className="footerLinks"
    style={
      {
        "padding": "6px",
        "textAlign": "center",
      }
    }
  >
    <a
      href="https://www.facebook.com/pages/Apperson-Automotive/361511727202422"
    >
      <i
        aria-hidden="true"
        className="fab fa-facebook-square fa-2x"
        style={
          {
            "color": "#45c9ff",
          }
        }
      />
    </a>
    <a
      href="https://www.yellowpages.com/salem-va/mip/apperson-automotive-482421530"
      style={
        {
          "marginLeft": "40px",
        }
      }
    >
      <img
        alt="yellowpages"
        src="https://insightmg.com/wp-content/uploads/2015/12/YP_Insight-Marketing-Group_Marketing-for-Medical-Practices.png"
        style={
          {
            "marginBottom": "15px",
            "verticalAlign": "middle",
          }
        }
        width="40px"
      />
    </a>
    <a
      href="https://www.yelp.com/biz/apperson-automotive-salem"
      style={
        {
          "marginLeft": "30px",
        }
      }
    >
      <img
        alt="yelp"
        src="https://dl.dropboxusercontent.com/s/pb5qn5wyps6k56t/yelp-logo-icon-7.jpg?dl=0"
        style={
          {
            "marginBottom": "15px",
            "verticalAlign": "middle",
          }
        }
        width="40px"
      />
    </a>
  </div>
  <div
    style={
      {
        "padding": "6px",
        "textAlign": "center",
      }
    }
  >
    <span
      className="nohover"
    >
      Powered by Â 
    </span>
    <a
      className="wjllc"
      href="https://www.web-jam.com"
      rel="noopener noreferrer"
      target="_blank"
    >
      Web Jam LLC
    </a>
  </div>
</div>
`;
