// Jest Snapshot v1, https://goo.gl/fbAQLP

exports[`AutoMaintenance Renders the Homepage 1`] = `ShallowWrapper {}`;
