// Jest Snapshot v1, https://goo.gl/fbAQLP

exports[`Contact Renders the Contact page 1`] = `ShallowWrapper {}`;
