// Jest Snapshot v1, https://goo.gl/fbAQLP

exports[`GeneralAutoRepair Renders the GeneralAutoRepair 1`] = `ShallowWrapper {}`;
