// Jest Snapshot v1, https://goo.gl/fbAQLP

exports[`Home Renders the Homepage 1`] = `ShallowWrapper {}`;
