// Jest Snapshot v1, https://goo.gl/fbAQLP

exports[`Major Auto Repair Renders the Homepage 1`] = `ShallowWrapper {}`;
